// Jest Snapshot v1, https://goo.gl/fbAQLP

exports[`renders correctly 1`] = `
<main>
  <table
    className="tableMissions"
  >
    <tbody>
      <tr>
        <th>
          Missions
        </th>
        <th>
          Description
        </th>
        <th>
          Status
        </th>
      </tr>
    </tbody>
  </table>
</main>
`;

exports[`renders correctly 2`] = `
Array [
  <h2>
    My Missions
  </h2>,
  <ul />,
]
`;
